[demos.alithemes.com/html/newsboard/demo/index.html]
[backblue.gif]
[fade.gif]
[index.html]
[demos.alithemes.com/html/newsboard/demo/assets/imgs/theme/favicon.png]
[demos.alithemes.com/html/newsboard/demo/assets/css/style.css]
[demos.alithemes.com/html/newsboard/demo/assets/css/widgets.css]
[demos.alithemes.com/html/newsboard/demo/assets/css/responsive.css]
[demos.alithemes.com/html/newsboard/demo/single.html]
[demos.alithemes.com/html/newsboard/demo/assets/imgs/news/thumb-1.jpg]
[demos.alithemes.com/html/newsboard/demo/assets/imgs/news/thumb-2.jpg]
[demos.alithemes.com/html/newsboard/demo/assets/imgs/news/thumb-3.jpg]
[demos.alithemes.com/html/newsboard/demo/assets/imgs/news/thumb-4.jpg]
[demos.alithemes.com/html/newsboard/demo/assets/imgs/news/thumb-5.jpg]
[demos.alithemes.com/html/newsboard/demo/category.html]
[demos.alithemes.com/html/newsboard/demo/assets/imgs/news-1.jpg]
[demos.alithemes.com/html/newsboard/demo/assets/imgs/ads/ads-1.jpg]
[demos.alithemes.com/html/newsboard/demo/login.html]
[demos.alithemes.com/html/newsboard/demo/home-2.html]
[demos.alithemes.com/html/newsboard/demo/home-3.html]
[demos.alithemes.com/html/newsboard/demo/category-list.html]
[demos.alithemes.com/html/newsboard/demo/category-grid.html]
[demos.alithemes.com/html/newsboard/demo/category-masonry.html]
[demos.alithemes.com/html/newsboard/demo/single-2.html]
[demos.alithemes.com/html/newsboard/demo/single-3.html]
[demos.alithemes.com/html/newsboard/demo/about.html]
[demos.alithemes.com/html/newsboard/demo/contact.html]
[demos.alithemes.com/html/newsboard/demo/typography.html]
[demos.alithemes.com/html/newsboard/demo/search.html]
[demos.alithemes.com/html/newsboard/demo/category-big.html]
[demos.alithemes.com/html/newsboard/demo/author.html]
[demos.alithemes.com/html/newsboard/demo/signup.html]
[demos.alithemes.com/html/newsboard/demo/assets/imgs/theme/pattern.jpg]
[demos.alithemes.com/html/newsboard/demo/category-metro.html]
[demos.alithemes.com/html/newsboard/demo/assets/imgs/news/slide-1.jpg]
[demos.alithemes.com/html/newsboard/demo/assets/imgs/news/slide-2.jpg]
[demos.alithemes.com/html/newsboard/demo/assets/imgs/news/slide-5.jpg]
[demos.alithemes.com/html/newsboard/demo/assets/imgs/news/slide-3.jpg]
[demos.alithemes.com/html/newsboard/demo/assets/imgs/news/slide-4.jpg]
[demos.alithemes.com/html/newsboard/demo/assets/imgs/news/slide-6.jpg]
[demos.alithemes.com/html/newsboard/demo/assets/imgs/news/slide-11.jpg]
[demos.alithemes.com/html/newsboard/demo/assets/imgs/news/slide-10.jpg]
[demos.alithemes.com/html/newsboard/demo/assets/imgs/news/slide-7.jpg]
[demos.alithemes.com/html/newsboard/demo/assets/imgs/news/slide-12.jpg]
[demos.alithemes.com/html/newsboard/demo/assets/imgs/news/slide-8.jpg]
[demos.alithemes.com/html/newsboard/demo/404.html]
[demos.alithemes.com/html/newsboard/demo/assets/imgs/news/slide-9.jpg]
[demos.alithemes.com/html/newsboard/demo/assets/imgs/news/news-1.jpg]
[demos.alithemes.com/html/newsboard/demo/assets/imgs/authors/author-1.jpg]
[demos.alithemes.com/html/newsboard/demo/assets/imgs/news/news-2.jpg]
[demos.alithemes.com/html/newsboard/demo/assets/imgs/authors/author-2.jpg]
[demos.alithemes.com/html/newsboard/demo/assets/imgs/news/news-3.jpg]
[demos.alithemes.com/html/newsboard/demo/assets/imgs/authors/author-3.jpg]
[demos.alithemes.com/html/newsboard/demo/assets/imgs/news/news-4.jpg]
[demos.alithemes.com/html/newsboard/demo/assets/imgs/authors/author-4.jpg]
[demos.alithemes.com/html/newsboard/demo/assets/imgs/news/news-5.jpg]
[demos.alithemes.com/html/newsboard/demo/assets/imgs/news/news-6.jpg]
[demos.alithemes.com/html/newsboard/demo/assets/imgs/news/news-7.jpg]
[demos.alithemes.com/html/newsboard/demo/assets/imgs/news/news-8.jpg]
[demos.alithemes.com/html/newsboard/demo/assets/imgs/news/news-9.jpg]
[demos.alithemes.com/html/newsboard/demo/assets/imgs/news/thumb-8.jpg]
[demos.alithemes.com/html/newsboard/demo/assets/imgs/news/thumb-7.jpg]
[demos.alithemes.com/html/newsboard/demo/assets/imgs/news/news-10.jpg]
[demos.alithemes.com/html/newsboard/demo/assets/imgs/news/news-15.jpg]
[demos.alithemes.com/html/newsboard/demo/assets/imgs/news/thumb-9.jpg]
[demos.alithemes.com/html/newsboard/demo/assets/imgs/authors/sign.png]
[demos.alithemes.com/html/newsboard/demo/assets/js/vendor/modernizr-3.5.0.min.js]
[demos.alithemes.com/html/newsboard/demo/assets/js/vendor/popper.min.js]
[demos.alithemes.com/html/newsboard/demo/assets/js/vendor/jquery-1.12.4.min.js]
[demos.alithemes.com/html/newsboard/demo/assets/js/vendor/bootstrap.min.js]
[demos.alithemes.com/html/newsboard/demo/assets/js/vendor/jquery.slicknav.js]
[demos.alithemes.com/html/newsboard/demo/assets/js/vendor/wow.min.js]
[demos.alithemes.com/html/newsboard/demo/assets/js/vendor/jquery.ticker.js]
[demos.alithemes.com/html/newsboard/demo/assets/js/vendor/slick.min.js]
[demos.alithemes.com/html/newsboard/demo/assets/js/vendor/jquery.vticker-min.js]
[demos.alithemes.com/html/newsboard/demo/assets/js/vendor/jquery.scrollUp.min.js]
[demos.alithemes.com/html/newsboard/demo/assets/js/vendor/jquery.nice-select.min.js]
[demos.alithemes.com/html/newsboard/demo/assets/js/vendor/jquery.sticky.js]
[demos.alithemes.com/html/newsboard/demo/assets/js/vendor/jquery.magnific-popup.js]
[demos.alithemes.com/html/newsboard/demo/assets/js/vendor/waypoints.min.js]
[demos.alithemes.com/html/newsboard/demo/assets/js/vendor/perfect-scrollbar.js]
[demos.alithemes.com/html/newsboard/demo/index.html]
[demos.alithemes.com/html/newsboard/demo/assets/css/vendor/bootstrap.min.css]
[demos.alithemes.com/html/newsboard/demo/assets/js/vendor/jquery.theia.sticky.js]
[demos.alithemes.com/html/newsboard/demo/assets/js/main.js]
[demos.alithemes.com/html/newsboard/demo/assets/css/vendor/owl.carousel.min.css]
[demos.alithemes.com/html/newsboard/demo/assets/css/vendor/ticker-style.css]
[demos.alithemes.com/html/newsboard/demo/assets/css/vendor/themify-icons.css]
[demos.alithemes.com/html/newsboard/demo/assets/css/vendor/slick.css]
[demos.alithemes.com/html/newsboard/demo/assets/css/vendor/slicknav.css]
[demos.alithemes.com/html/newsboard/demo/assets/css/vendor/animate.min.css]
[demos.alithemes.com/html/newsboard/demo/assets/css/vendor/nice-select.css]
[demos.alithemes.com/html/newsboard/demo/assets/css/vendor/perfect-scrollbar.css]
[demos.alithemes.com/html/newsboard/demo/assets/css/vendor/magnific-popup.css]
[demos.alithemes.com/html/newsboard/demo/assets/imgs/theme/wave-line-1.svg]
[demos.alithemes.com/html/newsboard/demo/assets/imgs/theme/wave-line-2.svg]
[demos.alithemes.com/html/newsboard/demo/assets/css/style.css]
[demos.alithemes.com/html/newsboard/demo/assets/css/widgets.css]
[demos.alithemes.com/html/newsboard/demo/assets/css/responsive.css]
[demos.alithemes.com/html/newsboard/demo/assets/imgs/news/news-22.jpg]
[demos.alithemes.com/html/newsboard/demo/assets/imgs/news/thumb-10.jpg]
[demos.alithemes.com/html/newsboard/demo/assets/imgs/news/thumb-11.jpg]
[demos.alithemes.com/html/newsboard/demo/assets/imgs/news/thumb-12.jpg]
[demos.alithemes.com/html/newsboard/demo/assets/imgs/news/thumb-13.jpg]
[demos.alithemes.com/html/newsboard/demo/assets/imgs/news/news-11.jpg]
[demos.alithemes.com/html/newsboard/demo/assets/imgs/news/news-12.jpg]
[demos.alithemes.com/html/newsboard/demo/assets/imgs/news/news-13.jpg]
[demos.alithemes.com/html/newsboard/demo/assets/js/vendor/printThis.js]
[demos.alithemes.com/html/newsboard/demo/single.html]
[demos.alithemes.com/html/newsboard/demo/assets/imgs/news/news-19.jpg]
[demos.alithemes.com/html/newsboard/demo/assets/imgs/news/news-16.jpg]
[demos.alithemes.com/html/newsboard/demo/assets/imgs/news/news-18.jpg]
[demos.alithemes.com/html/newsboard/demo/assets/imgs/news/news-14.jpg]
[demos.alithemes.com/html/newsboard/demo/category.html]
[demos.alithemes.com/html/newsboard/demo/assets/imgs/news-1.html]
[demos.alithemes.com/html/newsboard/demo/login.html]
[demos.alithemes.com/html/newsboard/demo/assets/imgs/news/news-21.jpg]
[demos.alithemes.com/html/newsboard/demo/home-2.html]
[demos.alithemes.com/html/newsboard/demo/assets/imgs/ads/ads-2.jpg]
[demos.alithemes.com/html/newsboard/demo/home-3.html]
[demos.alithemes.com/html/newsboard/demo/assets/imgs/news/news-23.jpg]
[demos.alithemes.com/html/newsboard/demo/assets/imgs/news/news-24.jpg]
[demos.alithemes.com/html/newsboard/demo/assets/imgs/news/news-25.jpg]
[demos.alithemes.com/html/newsboard/demo/category-big.html]
[demos.alithemes.com/html/newsboard/demo/category-list.html]
[demos.alithemes.com/html/newsboard/demo/assets/imgs/news/news-17.jpg]
[demos.alithemes.com/html/newsboard/demo/category-grid.html]
[demos.alithemes.com/html/newsboard/demo/assets/imgs/news/slide-14.jpg]
[demos.alithemes.com/html/newsboard/demo/assets/imgs/news/slide-15.jpg]
[demos.alithemes.com/html/newsboard/demo/assets/imgs/news/slide-13.jpg]
[demos.alithemes.com/html/newsboard/demo/assets/imgs/news/thumb-6.jpg]
[demos.alithemes.com/html/newsboard/demo/assets/js/vendor/imagesloaded.pkgd.min.js]
[demos.alithemes.com/html/newsboard/demo/assets/js/vendor/masonry.pkgd.min.js]
[demos.alithemes.com/html/newsboard/demo/category-masonry.html]
[demos.alithemes.com/html/newsboard/demo/single-2.html]
[demos.alithemes.com/html/newsboard/demo/single-3.html]
[demos.alithemes.com/html/newsboard/demo/assets/imgs/news/news-26.jpg]
[demos.alithemes.com/html/newsboard/demo/about.html]
[demos.alithemes.com/html/newsboard/demo/assets/imgs/marginalia-productive-work.76.delayed]
[demos.alithemes.com/html/newsboard/demo/contact.html]
[demos.alithemes.com/cdn-cgi/scripts/5c5dd728/cloudflare-static/email-decode.min.js]
[demos.alithemes.com/html/newsboard/demo/typography.html]
[demos.alithemes.com/html/newsboard/demo/search.html]
[demos.alithemes.com/html/newsboard/demo/author.html]
[demos.alithemes.com/html/newsboard/demo/assets/imgs/theme/404.png]
[demos.alithemes.com/html/newsboard/demo/404.html]
[demos.alithemes.com/html/newsboard/demo/signup.html]
[demos.alithemes.com/html/newsboard/demo/category-metro.html]
[demos.alithemes.com/html/newsboard/demo/assets/css/vendor/bootstrap.min.css]
[demos.alithemes.com/html/newsboard/demo/assets/css/vendor/owl.video.play.79.delayed]
[demos.alithemes.com/html/newsboard/demo/assets/css/vendor/owl.carousel.min.css]
[demos.alithemes.com/html/newsboard/demo/assets/css/images/controls.png]
[demos.alithemes.com/html/newsboard/demo/assets/css/vendor/ticker-style.css]
[demos.alithemes.com/html/newsboard/demo/assets/css/vendor/fonts/themify9f24.eot]
[demos.alithemes.com/html/newsboard/demo/assets/css/vendor/fonts/themify9f24.woff]
[demos.alithemes.com/html/newsboard/demo/assets/css/vendor/fonts/themifyd41d.eot]
[demos.alithemes.com/html/newsboard/demo/assets/css/vendor/fonts/themify9f24.svg]
[demos.alithemes.com/html/newsboard/demo/assets/css/vendor/themify-icons.css]
[demos.alithemes.com/html/newsboard/demo/assets/css/vendor/slick.css]
[demos.alithemes.com/html/newsboard/demo/assets/css/vendor/slicknav.css]
[demos.alithemes.com/html/newsboard/demo/assets/css/vendor/animate.min.css]
[demos.alithemes.com/html/newsboard/demo/assets/css/vendor/nice-select.css]
[demos.alithemes.com/html/newsboard/demo/assets/css/vendor/perfect-scrollbar.css]
[demos.alithemes.com/html/newsboard/demo/assets/css/vendor/magnific-popup.css]
[demos.alithemes.com/html/newsboard/demo/assets/imgs/theme/wave-line-1.svg]
[demos.alithemes.com/html/newsboard/demo/assets/imgs/theme/wave-line-2.svg]
[demos.alithemes.com/html/newsboard/demo/assets/css/vendor/fonts/themify9f24.ttf]
[demos.alithemes.com/html/newsboard/demo/assets/imgs/marginalia-productive-work.html]
[demos.alithemes.com/html/newsboard/demo/assets/css/vendor/owl.video.play.html]
[demos.alithemes.com/html/newsboard/demo/assets/css/images/controls.html]
[demos.alithemes.com/html/newsboard/demo/assets/css/vendor/fonts/themify9f24.svg]
